---
source: tests/integration.rs
assertion_line: 85
expression: json
---
{
  "kind": "Sequence",
  "statements": [
    {
      "kind": {
        "Title": "System overview\nwith details"
      },
      "span": {
        "end": 54,
        "start": 10
      }
    },
    {
      "kind": {
        "Header": "Release train\n2026.05"
      },
      "span": {
        "end": 94,
        "start": 55
      }
    },
    {
      "kind": {
        "Footer": "Confidential\ninternal use only"
      },
      "span": {
        "end": 143,
        "start": 95
      }
    },
    {
      "kind": {
        "Caption": "Flow summary\nall green"
      },
      "span": {
        "end": 186,
        "start": 144
      }
    },
    {
      "kind": {
        "Legend": "Alpha\nBeta"
      },
      "span": {
        "end": 215,
        "start": 187
      }
    },
    {
      "kind": {
        "Message": {
          "arrow": "->",
          "from": "Alice",
          "label": "ping",
          "to": "Bob"
        }
      },
      "span": {
        "end": 234,
        "start": 216
      }
    },
    {
      "kind": {
        "Note": {
          "position": "right",
          "target": "Bob",
          "text": "line 1\nline 2"
        }
      },
      "span": {
        "end": 275,
        "start": 235
      }
    }
  ]
}
