---
source: tests/integration.rs
assertion_line: 3817
expression: json
---
{
  "participants": [
    {
      "id": "A",
      "display": "A",
      "role": "Participant",
      "explicit": false
    },
    {
      "id": "B",
      "display": "B",
      "role": "Participant",
      "explicit": false
    },
    {
      "id": "C",
      "display": "C",
      "role": "Participant",
      "explicit": false
    }
  ],
  "events": [
    {
      "span": {
        "start": 10,
        "end": 18
      },
      "kind": {
        "Create": "A"
      }
    },
    {
      "span": {
        "start": 19,
        "end": 33
      },
      "kind": {
        "Message": {
          "from": "A",
          "to": "B",
          "arrow": "->",
          "label": "call"
        }
      }
    },
    {
      "span": {
        "start": 19,
        "end": 33
      },
      "kind": {
        "Activate": "B"
      }
    },
    {
      "span": {
        "start": 34,
        "end": 48
      },
      "kind": {
        "Message": {
          "from": "B",
          "to": "A",
          "arrow": "->",
          "label": "done"
        }
      }
    },
    {
      "span": {
        "start": 34,
        "end": 48
      },
      "kind": {
        "Deactivate": "B"
      }
    },
    {
      "span": {
        "start": 49,
        "end": 64
      },
      "kind": {
        "Message": {
          "from": "A",
          "to": "C",
          "arrow": "->",
          "label": "spawn"
        }
      }
    },
    {
      "span": {
        "start": 49,
        "end": 64
      },
      "kind": {
        "Create": "C"
      }
    },
    {
      "span": {
        "start": 65,
        "end": 81
      },
      "kind": {
        "Message": {
          "from": "A",
          "to": "C",
          "arrow": "->",
          "label": "finish"
        }
      }
    },
    {
      "span": {
        "start": 65,
        "end": 81
      },
      "kind": {
        "Destroy": "C"
      }
    }
  ],
  "teoz": false,
  "title": null,
  "header": null,
  "footer": null,
  "caption": null,
  "legend": null,
  "skinparams": [],
  "style": {
    "arrow_color": "#111",
    "lifeline_border_color": "#555",
    "participant_background_color": "#f6f6f6",
    "participant_border_color": "#111",
    "note_background_color": "#fff8c4",
    "note_border_color": "#111",
    "group_background_color": "#fafafa",
    "group_border_color": "#666"
  },
  "footbox_visible": true
}
