---
source: tests/integration.rs
assertion_line: 2301
expression: json
---
{
  "size": {
    "width": 620,
    "height": 360
  },
  "lanes": [
    {
      "id": "FE",
      "display": "Frontend",
      "role": "Participant",
      "x": 100
    },
    {
      "id": "GW",
      "display": "Gateway",
      "role": "Participant",
      "x": 240
    },
    {
      "id": "WK",
      "display": "Worker",
      "role": "Participant",
      "x": 380
    }
  ],
  "rows": [
    {
      "y": 120,
      "event": {
        "span": {
          "start": 89,
          "end": 104
        },
        "kind": {
          "Message": {
            "from": "FE",
            "to": "GW",
            "arrow": "->",
            "label": "begin"
          }
        }
      }
    },
    {
      "y": 160,
      "event": {
        "span": {
          "start": 106,
          "end": 272
        },
        "kind": {
          "Note": {
            "kind": "Folded",
            "position": "across",
            "target": null,
            "text": "advanced_across_line_one_with_long_payload_context_for_layout_guardrails\nadvanced_across_line_two_with_long_payload_context_for_layout_guardrails"
          }
        }
      }
    },
    {
      "y": 200,
      "event": {
        "span": {
          "start": 274,
          "end": 523
        },
        "kind": {
          "GroupStart": {
            "kind": "ref",
            "label": "over FE, WK\nadvanced_ref_inline_header_with_long_payload_context_for_layout_guardrails\nadvanced_ref_body_line_one_with_long_payload_context_for_layout_guardrails\nadvanced_ref_body_line_two_with_long_payload_context_for_layout_guardrails"
          }
        }
      }
    },
    {
      "y": 240,
      "event": {
        "span": {
          "start": 525,
          "end": 687
        },
        "kind": {
          "Note": {
            "kind": "Hexagonal",
            "position": "over",
            "target": "GW, WK",
            "text": "alias_note_line_one_with_long_payload_context_for_layout_guardrails\nalias_note_line_two_with_long_payload_context_for_layout_guardrails"
          }
        }
      }
    },
    {
      "y": 280,
      "event": {
        "span": {
          "start": 689,
          "end": 854
        },
        "kind": {
          "GroupStart": {
            "kind": "ref",
            "label": "over GW\nsingle_lane_ref_line_one_with_long_payload_context_for_layout_guardrails\nsingle_lane_ref_line_two_with_long_payload_context_for_layout_guardrails"
          }
        }
      }
    },
    {
      "y": 320,
      "event": {
        "span": {
          "start": 856,
          "end": 870
        },
        "kind": {
          "Message": {
            "from": "GW",
            "to": "WK",
            "arrow": "->",
            "label": "done"
          }
        }
      }
    }
  ]
}
