---
source: tests/integration.rs
assertion_line: 3930
expression: json
---
{
  "size": {
    "width": 480,
    "height": 400
  },
  "lanes": [
    {
      "id": "A",
      "display": "A",
      "role": "Participant",
      "x": 100
    },
    {
      "id": "B",
      "display": "B",
      "role": "Participant",
      "x": 240
    }
  ],
  "rows": [
    {
      "y": 120,
      "event": {
        "span": {
          "start": 38,
          "end": 52
        },
        "kind": {
          "Message": {
            "from": "A",
            "to": "B",
            "arrow": "->",
            "label": "start"
          }
        }
      }
    },
    {
      "y": 160,
      "event": {
        "span": {
          "start": 53,
          "end": 66
        },
        "kind": {
          "Separator": "Stage 1"
        }
      }
    },
    {
      "y": 200,
      "event": {
        "span": {
          "start": 67,
          "end": 70
        },
        "kind": {
          "Spacer": null
        }
      }
    },
    {
      "y": 240,
      "event": {
        "span": {
          "start": 71,
          "end": 87
        },
        "kind": {
          "Divider": "Midpoint"
        }
      }
    },
    {
      "y": 280,
      "event": {
        "span": {
          "start": 88,
          "end": 90
        },
        "kind": {
          "Delay": null
        }
      }
    },
    {
      "y": 320,
      "event": {
        "span": {
          "start": 91,
          "end": 101
        },
        "kind": {
          "Delay": "wait"
        }
      }
    },
    {
      "y": 360,
      "event": {
        "span": {
          "start": 102,
          "end": 117
        },
        "kind": {
          "Message": {
            "from": "B",
            "to": "A",
            "arrow": "->",
            "label": "finish"
          }
        }
      }
    }
  ]
}
