---
source: tests/integration.rs
expression: json
---
{
  "caption": null,
  "events": [
    {
      "kind": {
        "Message": {
          "arrow": "->",
          "from": "Client",
          "label": "enqueue",
          "to": "Q"
        }
      },
      "span": {
        "end": 66,
        "start": 45
      }
    },
    {
      "kind": {
        "Separator": "Processing"
      },
      "span": {
        "end": 83,
        "start": 67
      }
    },
    {
      "kind": {
        "Message": {
          "arrow": "->",
          "from": "Q",
          "label": "done",
          "to": "Client"
        }
      },
      "span": {
        "end": 102,
        "start": 84
      }
    }
  ],
  "footbox_visible": true,
  "footer": null,
  "header": null,
  "legend": null,
  "participants": [
    {
      "display": "Client",
      "explicit": true,
      "id": "Client",
      "role": "Participant"
    },
    {
      "display": "Jobs",
      "explicit": true,
      "id": "Q",
      "role": "Queue"
    }
  ],
  "skinparams": [],
  "style": {
    "arrow_color": "#111",
    "group_background_color": "#fafafa",
    "group_border_color": "#666",
    "lifeline_border_color": "#555",
    "note_background_color": "#fff8c4",
    "note_border_color": "#111",
    "participant_background_color": "#f6f6f6",
    "participant_border_color": "#111"
  },
  "title": null
}
