---
source: tests/integration.rs
expression: json
---
{
  "schema": "puml.diagnostics",
  "schema_version": 1,
  "diagnostics": [
    {
      "code": "W_SKINPARAM_UNSUPPORTED",
      "severity": "warning",
      "category": "unsupported-syntax",
      "message": "[W_SKINPARAM_UNSUPPORTED] unsupported skinparam `TotallyUnknownColor`",
      "span": {
        "start": 10,
        "end": 43
      },
      "line": 2,
      "column": 1,
      "snippet": "skinparam TotallyUnknownColor red",
      "caret": "^^^^^^^^^^^^^^^^^^^^^^^^^^^^^^^^^"
    }
  ]
}
