---
source: tests/integration.rs
expression: json
---
{
  "kind": "Chronology",
  "tasks": [],
  "milestones": [],
  "separators": [],
  "constraints": [],
  "closed_weekdays": [],
  "closed_ranges": [],
  "open_ranges": [],
  "named_dates": [],
  "chronology_events": [
    {
      "subject": "Phase 1",
      "when": "2026-05-10",
      "end": null,
      "color": null,
      "bracket": false,
      "start_day": 20583,
      "end_day": null,
      "date_precision": "day",
      "end_date_precision": null
    },
    {
      "subject": "Phase 2",
      "when": "2026-06-01",
      "end": null,
      "color": null,
      "bracket": false,
      "start_day": 20605,
      "end_day": null,
      "date_precision": "day",
      "end_date_precision": null
    }
  ],
  "project_start": null,
  "project_start_day": null,
  "print_start": null,
  "print_end": null,
  "print_start_day": null,
  "print_end_day": null,
  "title": null,
  "header": null,
  "footer": null,
  "caption": null,
  "legend": null,
  "warnings": []
}
