---
source: tests/integration.rs
expression: json
---
{
  "schema": "puml.diagnostics",
  "schema_version": 1,
  "diagnostics": [
    {
      "code": "E_ARROW_INVALID",
      "severity": "error",
      "category": "parse-error",
      "message": "[E_ARROW_INVALID] malformed sequence arrow syntax: `A -x B: bad`",
      "span": {
        "start": 27,
        "end": 38
      },
      "line": 4,
      "column": 1,
      "snippet": "A -x B: bad",
      "caret": "^^^^^^^^^^^"
    }
  ]
}
