---
source: tests/virtual_endpoint_fidelity.rs
expression: json
---
{
  "caption": null,
  "events": [
    {
      "kind": {
        "Message": {
          "arrow": "->",
          "from": "[",
          "from_virtual": {
            "kind": "plain",
            "side": "left"
          },
          "label": "found-left-plain",
          "to": "A"
        }
      },
      "span": {
        "end": 34,
        "start": 10
      }
    },
    {
      "kind": {
        "Message": {
          "arrow": "->",
          "from": "]",
          "from_virtual": {
            "kind": "plain",
            "side": "right"
          },
          "label": "found-right-plain",
          "to": "A"
        }
      },
      "span": {
        "end": 60,
        "start": 35
      }
    },
    {
      "kind": {
        "Message": {
          "arrow": "->",
          "from": "A",
          "label": "lost-left-plain",
          "to": "[",
          "to_virtual": {
            "kind": "plain",
            "side": "left"
          }
        }
      },
      "span": {
        "end": 84,
        "start": 61
      }
    },
    {
      "kind": {
        "Message": {
          "arrow": "->",
          "from": "A",
          "label": "lost-right-plain",
          "to": "]",
          "to_virtual": {
            "kind": "plain",
            "side": "right"
          }
        }
      },
      "span": {
        "end": 109,
        "start": 85
      }
    },
    {
      "kind": {
        "Message": {
          "arrow": "->",
          "from": "[o",
          "from_virtual": {
            "kind": "circle",
            "side": "left"
          },
          "label": "found-left-circle",
          "to": "A"
        }
      },
      "span": {
        "end": 136,
        "start": 110
      }
    },
    {
      "kind": {
        "Message": {
          "arrow": "->",
          "from": "o]",
          "from_virtual": {
            "kind": "circle",
            "side": "right"
          },
          "label": "found-right-circle",
          "to": "A"
        }
      },
      "span": {
        "end": 164,
        "start": 137
      }
    },
    {
      "kind": {
        "Message": {
          "arrow": "->",
          "from": "A",
          "label": "lost-left-circle",
          "to": "[o",
          "to_virtual": {
            "kind": "circle",
            "side": "left"
          }
        }
      },
      "span": {
        "end": 190,
        "start": 165
      }
    },
    {
      "kind": {
        "Message": {
          "arrow": "->",
          "from": "A",
          "label": "lost-right-circle",
          "to": "o]",
          "to_virtual": {
            "kind": "circle",
            "side": "right"
          }
        }
      },
      "span": {
        "end": 217,
        "start": 191
      }
    },
    {
      "kind": {
        "Message": {
          "arrow": "->",
          "from": "[x",
          "from_virtual": {
            "kind": "cross",
            "side": "left"
          },
          "label": "found-left-cross",
          "to": "A"
        }
      },
      "span": {
        "end": 243,
        "start": 218
      }
    },
    {
      "kind": {
        "Message": {
          "arrow": "->",
          "from": "x]",
          "from_virtual": {
            "kind": "cross",
            "side": "right"
          },
          "label": "found-right-cross",
          "to": "A"
        }
      },
      "span": {
        "end": 270,
        "start": 244
      }
    },
    {
      "kind": {
        "Message": {
          "arrow": "->",
          "from": "A",
          "label": "lost-left-cross",
          "to": "[x",
          "to_virtual": {
            "kind": "cross",
            "side": "left"
          }
        }
      },
      "span": {
        "end": 295,
        "start": 271
      }
    },
    {
      "kind": {
        "Message": {
          "arrow": "->",
          "from": "A",
          "label": "lost-right-cross",
          "to": "x]",
          "to_virtual": {
            "kind": "cross",
            "side": "right"
          }
        }
      },
      "span": {
        "end": 321,
        "start": 296
      }
    },
    {
      "kind": {
        "Message": {
          "arrow": "->",
          "from": "[*]",
          "from_virtual": {
            "kind": "filled",
            "side": "left"
          },
          "label": "found-left-filled",
          "to": "A"
        }
      },
      "span": {
        "end": 349,
        "start": 322
      }
    },
    {
      "kind": {
        "Message": {
          "arrow": "->",
          "from": "A",
          "label": "lost-right-filled",
          "to": "[*]",
          "to_virtual": {
            "kind": "filled",
            "side": "right"
          }
        }
      },
      "span": {
        "end": 377,
        "start": 350
      }
    }
  ],
  "footbox_visible": true,
  "footer": null,
  "header": null,
  "legend": null,
  "participants": [
    {
      "display": "A",
      "explicit": false,
      "id": "A",
      "role": "Participant"
    }
  ],
  "skinparams": [],
  "title": null
}
